Microsoft (R) Macro Assembler Version 14.27.29112.0	    12/05/20 09:33:49
<Designing low-level I/O procedures      (Proj6-kinkades.asm  Page 1 - 1


				TITLE Designing low-level I/O procedures      (Proj6-kinkades.asm)

				; Author: Sam Kinkade
				; Last Modified: December 3rd, 2020
				; OSU email address: kinkades@oregonstate.edu
				; Course number/section:   CS271 Section 400
				; Project Number: 6                 Due Date: December 6th, 2020
				; Description: This file takes 10 inputs from the user, validates them for size / number / sign, prints out the numbers, and returns the sum and average of them. 
				; This is accomplished via macros and without the aid of ReadInt, ReadDec, WriteInt, or WriteDec

				INCLUDE Irvine32.inc
			      C ; Include file for Irvine32.lib             (Irvine32.inc)
			      C 
			      C ;OPTION CASEMAP:NONE		; optional: make identifiers case-sensitive
			      C 
			      C INCLUDE SmallWin.inc		; MS-Windows prototypes, structures, and constants
			      C .NOLIST
			      C .LIST
			      C 
			      C INCLUDE VirtualKeys.inc
			      C ; VirtualKeys.inc
			      C .NOLIST
			      C .LIST
			      C 
			      C 
			      C .NOLIST
			      C .LIST
			      C 

				; (insert macro definitions here)

				; (insert constant definitions here)
 = 0000000C			MAX_LENGTH = 12 ; 10 digits + a sign + null terminator

 00000000			.data

				; (insert variable definitions here)
 00000000 50 52 4F 47 52	intro1						BYTE	"PROGRAMMING ASSIGNMENT 6: Designing low-level I/O procedures",0								; opening statement to user
	   41 4D 4D 49 4E
	   47 20 41 53 53
	   49 47 4E 4D 45
	   4E 54 20 36 3A
	   20 44 65 73 69
	   67 6E 69 6E 67
	   20 6C 6F 77 2D
	   6C 65 76 65 6C
	   20 49 2F 4F 20
	   70 72 6F 63 65
	   64 75 72 65 73
	   00
 0000003D 57 72 69 74 74	intro2						BYTE	"Written byte: Sam Kinkade",0
	   65 6E 20 62 79
	   74 65 3A 20 53
	   61 6D 20 4B 69
	   6E 6B 61 64 65
	   00

 00000057 50 6C 65 61 73	instruction1				BYTE	"Please provide 10 signed decimal integers.",0
	   65 20 70 72 6F
	   76 69 64 65 20
	   31 30 20 73 69
	   67 6E 65 64 20
	   64 65 63 69 6D
	   61 6C 20 69 6E
	   74 65 67 65 72
	   73 2E 00
 00000082 45 61 63 68 20	instruction2				BYTE	"Each number needs to be small enough to fit inside a 32 bit register. After",0
	   6E 75 6D 62 65
	   72 20 6E 65 65
	   64 73 20 74 6F
	   20 62 65 20 73
	   6D 61 6C 6C 20
	   65 6E 6F 75 67
	   68 20 74 6F 20
	   66 69 74 20 69
	   6E 73 69 64 65
	   20 61 20 33 32
	   20 62 69 74 20
	   72 65 67 69 73
	   74 65 72 2E 20
	   41 66 74 65 72
	   00
 000000CE 79 6F 75 20 68	instruction3				BYTE	"you have finished inputting the raw numbers I will display a list of the integers,",0
	   61 76 65 20 66
	   69 6E 69 73 68
	   65 64 20 69 6E
	   70 75 74 74 69
	   6E 67 20 74 68
	   65 20 72 61 77
	   20 6E 75 6D 62
	   65 72 73 20 49
	   20 77 69 6C 6C
	   20 64 69 73 70
	   6C 61 79 20 61
	   20 6C 69 73 74
	   20 6F 66 20 74
	   68 65 20 69 6E
	   74 65 67 65 72
	   73 2C 00
 00000121 74 68 65 69 72	instruction4				BYTE	"their sum, and their average value.",0
	   20 73 75 6D 2C
	   20 61 6E 64 20
	   74 68 65 69 72
	   20 61 76 65 72
	   61 67 65 20 76
	   61 6C 75 65 2E
	   00
 00000145 54 68 61 6E 6B	goodbye						BYTE	"Thanks for playing!",0
	   73 20 66 6F 72
	   20 70 6C 61 79
	   69 6E 67 21 00

 00000159 50 6C 65 61 73	enter_instruction			BYTE	"Please enter a signed number: ",0
	   65 20 65 6E 74
	   65 72 20 61 20
	   73 69 67 6E 65
	   64 20 6E 75 6D
	   62 65 72 3A 20
	   00
 00000178 45 52 52 4F 52	error_message1				BYTE	"ERROR: You did not enter a signed number, or your number was too big."
	   3A 20 59 6F 75
	   20 64 69 64 20
	   6E 6F 74 20 65
	   6E 74 65 72 20
	   61 20 73 69 67
	   6E 65 64 20 6E
	   75 6D 62 65 72
	   2C 20 6F 72 20
	   79 6F 75 72 20
	   6E 75 6D 62 65
	   72 20 77 61 73
	   20 74 6F 6F 20
	   62 69 67 2E
 000001BD 50 6C 65 61 73	error_message2				BYTE	"Please try again: "
	   65 20 74 72 79
	   20 61 67 61 69
	   6E 3A 20

 000001CF 59 6F 75 20 65	result_prompt				BYTE	"You entered the following numbers:"
	   6E 74 65 72 65
	   64 20 74 68 65
	   20 66 6F 6C 6C
	   6F 77 69 6E 67
	   20 6E 75 6D 62
	   65 72 73 3A
 000001F1 54 68 65 20 73	sum_prompt					BYTE	"The sum of these numbers is: "
	   75 6D 20 6F 66
	   20 74 68 65 73
	   65 20 6E 75 6D
	   62 65 72 73 20
	   69 73 3A 20
 0000020E 54 68 65 20 72	avg_prompt					BYTE	"The rounded average is: "
	   6F 75 6E 64 65
	   64 20 61 76 65
	   72 61 67 65 20
	   69 73 3A 20

 00000226  0000000C [		input_accumulator			BYTE	MAX_LENGTH DUP(?)
	    00
	   ]

 00000232 00000000		CONVERTED_DIGIT				DWORD	?	; make a local variable for final

 00000000			.code
 00000000			main PROC

				; (insert executable instructions here)
				; introduce the program to the user
 00000000  68 00000000 R	PUSH	offset	intro1
 00000005  68 0000003D R	PUSH	offset	intro2
 0000000A  68 00000057 R	PUSH	offset	instruction1
 0000000F  68 00000082 R	PUSH	offset	instruction2
 00000014  68 000000CE R	PUSH	offset	instruction3
 00000019  68 00000121 R	PUSH	offset	instruction4
 0000001E  E8 0000006A		CALL	introduction


				; read in the user's value
				;PUSH	offset	input_accumulator		; array to hold the converted number
				;PUSH	offset	enter_instruction
				;CALL	ReadVal

				;------------------TEST ReadVal BEFORE CREATING PROCEDURE-----------------------------------
					;ACCUMULATOR			EQU		[EBP + 12]
					;ENTER_INSTRUCTION	EQU		[EBP + 8]

					;LOCAL CONVERTED_DIGIT	DWORD

					;PUSH	EBP						; store stack frame reference
					;MOV		EBP, ESP

					; give the user some instructions
 00000023  BA 00000159 R		MOV		EDX, OFFSET ENTER_INSTRUCTION
 00000028  E8 00000000 E		CALL	WriteString

					MOV		EDX, input_accumulator
Proj6-kinkades.asm(74) : error A2022:instruction operands must be the same size
 0000002D  E8 00000000 E		CALL	ReadString				; gets the user's number as a string (need to convert to an int)
 00000032  8B C8			MOV		ECX, EAX				; EAX has the length of the string in bytes, so we can move that to ECX for the loop counter

					; convert string to int
 0000003F			_conversionLoop:
 0000003F  AC				LODSB							; puts a byte in AL
					
					; check if byte is a sign
 00000040  3C 2D			CMP		al, '-'
 00000042  75 02			JNE		_checkPositive
 00000044  EB 2E			JMP		_nextNumber					; move to the end of the structure to start the loop over with the next character	
						
						
 00000046				_checkPositive:
 00000046  3C 2B				CMP		al, "+"
 00000048  75 02				JNE		_noSignIndicated			; assume the number is positive if the user didn't specify
 0000004A  EB 28				JMP		_nextNumber					; move to the end of the structure to start the loop over with the next character

 0000004C				_noSignIndicated:
 0000004C  3C 30				CMP		al, '0'
 0000004E  72 24				JB		_errorMessage
 00000050  3C 39				CMP		al, '9'
 00000052  77 20				JA		_errorMessage

 00000054					_doConversion:
							; passes all checks, so we can convert the character to a digit
 00000054  B8 00000000					MOV		EAX, 0
 00000059  BB 0000000A					MOV		EBX, 10						; divisor for later step

 0000005E  89 15 00000232 R				MOV		CONVERTED_DIGIT, EDX		; EDX has the offset to the accumulator array
 00000064  F7 EB					IMUL	EBX							; multiplies EDX by 10
 00000066  8B 15 00000232 R				MOV		EDX, CONVERTED_DIGIT		;1006
 0000006C  70 06					JO		_errorMessage				; if the number overflows
 0000006E  03 C2					ADD		EAX, EDX
 00000070  70 02					JO		_errorMessage				; check overflow again
 00000072  EB 00					JMP		_nextNumber

 00000074				_errorMessage:
						;ERROR MESSAGE
					; if it is, indicate that somehow
							; move to the next character
						; it it's not
							; if the character is a digit (compare to characters '0' and '9'. No digit = return 0)
								; MOV EAX, 0 ; clear accumulator
								; MOV EBX, 10
								; MOV the character into DL
								; AND EDX, 0Fh			; converts to binary
								; MOV CONVERTED_DIGIT, EDX ; 0s out CONVERTED_DIGIT
								; IMUL EBX
								; MOV EDX, CONVERTED_DIGIT
								; if there is an overflow (overflow flag comparison)
									;print error message and try again
								; else:
									; add EAX, EDX ; EAX should hold the integer when the loop is done
									; check overflow
									; inc ESI
									; LOOP _conversionLoop
 00000074				_nextNumber:
 00000074  46					INC		ESI							; look at the next character
 00000075  E2 C8				LOOP _conversionLoop

 00000077  E8 00000000 E		call WriteInt ; test to see if the read procedure works















				;write the user's value


				;say goodbye
 0000007C  68 00000145 R	PUSH	offset	goodbye
 00000081  E8 000000C3		CALL	say_goodbye

					Invoke ExitProcess,0	; exit to operating system
 00000086  6A 00	   *	    push   +000000000h
 00000088  E8 00000000 E   *	    call   ExitProcess
 0000008D			main ENDP

				; (insert additional procedures here)
 0000008D			introduction PROC
 = [EBP + 28]				INTRO_1				EQU		[EBP + 28]
 = [EBP + 24]				INTRO_2				EQU		[EBP + 24]
 = [EBP + 20]				INSTRUCTION_1		EQU		[EBP + 20]
 = [EBP + 16]				INSTRUCTION_2		EQU		[EBP + 16]
 = [EBP + 12]				INSTRUCTION_3		EQU		[EBP + 12]
 = [EBP + 8]				INSTRUCTION_4		EQU		[EBP + 8]

 0000008D  55				PUSH	EBP						; store stack frame reference
 0000008E  8B EC			MOV		EBP, ESP		
 00000090  8B 55 1C			MOV		EDX, INTRO_1
 00000093  E8 00000000 E		CALL	WriteString
 00000098  E8 00000000 E		CALL	CrLf
 0000009D  8B 55 18			MOV		EDX, INTRO_2
 000000A0  E8 00000000 E		CALL	WriteString
 000000A5  E8 00000000 E		CALL	CrLf
 000000AA  E8 00000000 E		CALL	CrLf
 000000AF  8B 55 14			MOV		EDX, INSTRUCTION_1
 000000B2  E8 00000000 E		CALL	WriteString
 000000B7  E8 00000000 E		CALL	CrLf
 000000BC  8B 55 10			MOV		EDX, INSTRUCTION_2
 000000BF  E8 00000000 E		CALL	WriteString
 000000C4  E8 00000000 E		CALL	CrLf
 000000C9  8B 55 0C			MOV		EDX, INSTRUCTION_3
 000000CC  E8 00000000 E		CALL	WriteString
 000000D1  E8 00000000 E		CALL	CrLf
 000000D6  8B 55 08			MOV		EDX, INSTRUCTION_4
 000000D9  E8 00000000 E		CALL	WriteString
 000000DE  E8 00000000 E		CALL	CrLf

					; clean up stack
 000000E3  8B E5			mov		ESP, EBP
 000000E5  5D				pop		EBP
 000000E6  C2 0018			ret		24

 000000E9			introduction ENDP

 000000E9			ReadVal PROC
 = [EBP + 12]				ACCUMULATOR			EQU		[EBP + 12]
 = [EBP + 8]				ENTER_INSTRUCTION	EQU		[EBP + 8]
Proj6-kinkades.asm(202) : error A2005:symbol redefinition : enter_instruction

					LOCAL CONVERTED_DIGIT	DWORD
Proj6-kinkades.asm(204) : error A2008:syntax error : dword

 000000E9  55				PUSH	EBP						; store stack frame reference
 000000EA  8B EC			MOV		EBP, ESP

					; give the user some instructions
					MOV		EDX, ENTER_INSTRUCTION
Proj6-kinkades.asm(210) : error A2022:instruction operands must be the same size
 000000EC  E8 00000000 E		CALL	WriteString

 000000F1  8B 55 0C			MOV		EDX, ACCUMULATOR
 000000F4  E8 00000000 E		CALL	ReadString				; gets the user's number as a string (need to convert to an int)
 000000F9  8B C8			MOV		ECX, EAX				; EAX has the length of the string in bytes, so we can move that to ECX for the loop counter

					; convert string to int
 00000106			_conversionLoop:
 00000106  AC				LODSB							; puts a byte in AL
					
					; check if byte is a sign
 00000107  3C 2D			CMP		al, '-'
 00000109  75 02			JNE		_checkPositive
 0000010B  EB 2E			JMP		_nextNumber					; move to the end of the structure to start the loop over with the next character	
						
						
 0000010D				_checkPositive:
 0000010D  3C 2B				CMP		al, "+"
 0000010F  75 02				JNE		_noSignIndicated			; assume the number is positive if the user didn't specify
 00000111  EB 28				JMP		_nextNumber					; move to the end of the structure to start the loop over with the next character

 00000113				_noSignIndicated:
 00000113  3C 30				CMP		al, '0'
 00000115  72 24				JB		_errorMessage
 00000117  3C 39				CMP		al, '9'
 00000119  77 20				JA		_errorMessage

 0000011B					_doConversion:
							; passes all checks, so we can convert the character to a digit
 0000011B  B8 00000000					MOV		EAX, 0
 00000120  BB 0000000A					MOV		EBX, 10						; divisor for later step

 00000125  89 15 00000232 R				MOV		CONVERTED_DIGIT, EDX		; EDX has the offset to the accumulator array
 0000012B  F7 EB					IMUL	EBX							; multiplies EDX by 10
 0000012D  8B 15 00000232 R				MOV		EDX, CONVERTED_DIGIT		;1006
 00000133  70 06					JO		_errorMessage				; if the number overflows
 00000135  03 C2					ADD		EAX, EDX
 00000137  70 02					JO		_errorMessage				; check overflow again
 00000139  EB 00					JMP		_nextNumber

 0000013B				_errorMessage:
						;ERROR MESSAGE
					; if it is, indicate that somehow
							; move to the next character
						; it it's not
							; if the character is a digit (compare to characters '0' and '9'. No digit = return 0)
								; MOV EAX, 0 ; clear accumulator
								; MOV EBX, 10
								; MOV the character into DL
								; AND EDX, 0Fh			; converts to binary
								; MOV CONVERTED_DIGIT, EDX ; 0s out CONVERTED_DIGIT
								; IMUL EBX
								; MOV EDX, CONVERTED_DIGIT
								; if there is an overflow (overflow flag comparison)
									;print error message and try again
								; else:
									; add EAX, EDX ; EAX should hold the integer when the loop is done
									; check overflow
									; inc ESI
									; LOOP _conversionLoop
 0000013B				_nextNumber:
 0000013B  46					INC		ESI							; look at the next character
 0000013C  E2 C8				LOOP _conversionLoop

 0000013E  E8 00000000 E		call WriteInt ; test to see if the read procedure works

					; clean up stack
 00000143  8B E5			mov		ESP, EBP
 00000145  5D				pop		EBP
 00000146  C2 0004			ret		4

 00000149			ReadVal ENDP



 00000149			say_goodbye PROC
 = [EBP + 8]				GOOD_BYE		EQU		[EBP + 8]
					
 00000149  55				PUSH	EBP						; store stack frame reference
 0000014A  8B EC			MOV		EBP, ESP	
 0000014C  8B 55 08			MOV		EDX, GOOD_BYE
 0000014F  E8 00000000 E		CALL	WriteString
 00000154  E8 00000000 E		CALL	CrLF

					; clean up stack
 00000159  8B E5			mov		ESP, EBP
 0000015B  5D				pop		EBP
 0000015C  C2 0004			ret		4

 0000015F			say_goodbye ENDP


				END main
Microsoft (R) Macro Assembler Version 14.27.29112.0	    12/05/20 09:33:49
<Designing low-level I/O procedures      (Proj6-kinkades.asm  Symbols 2 - 1




Structures and Unions:

                N a m e                  Size
                                         Offset      Type

CONSOLE_CURSOR_INFO  . . . . . .	 00000008
  dwSize . . . . . . . . . . . .	 00000000	 DWord
  bVisible . . . . . . . . . . .	 00000004	 DWord
CONSOLE_SCREEN_BUFFER_INFO . . .	 00000016
  dwSize . . . . . . . . . . . .	 00000000	 DWord
  dwCursorPosition . . . . . . .	 00000004	 DWord
  wAttributes  . . . . . . . . .	 00000008	 Word
  srWindow . . . . . . . . . . .	 0000000A	 QWord
  dwMaximumWindowSize  . . . . .	 00000012	 DWord
COORD  . . . . . . . . . . . . .	 00000004
  X  . . . . . . . . . . . . . .	 00000000	 Word
  Y  . . . . . . . . . . . . . .	 00000002	 Word
FILETIME . . . . . . . . . . . .	 00000008
  loDateTime . . . . . . . . . .	 00000000	 DWord
  hiDateTime . . . . . . . . . .	 00000004	 DWord
FOCUS_EVENT_RECORD . . . . . . .	 00000004
  bSetFocus  . . . . . . . . . .	 00000000	 DWord
FPU_ENVIRON  . . . . . . . . . .	 0000001C
  controlWord  . . . . . . . . .	 00000000	 Word
  statusWord . . . . . . . . . .	 00000004	 Word
  tagWord  . . . . . . . . . . .	 00000008	 Word
  instrPointerOffset . . . . . .	 0000000C	 DWord
  instrPointerSelector . . . . .	 00000010	 DWord
  operandPointerOffset . . . . .	 00000014	 DWord
  operandPointerSelector . . . .	 00000018	 Word
INPUT_RECORD . . . . . . . . . .	 00000014
  EventType  . . . . . . . . . .	 00000000	 Word
  Event  . . . . . . . . . . . .	 00000004	 XmmWord
  bKeyDown . . . . . . . . . . .	 00000000	 DWord
  wRepeatCount . . . . . . . . .	 00000004	 Word
  wVirtualKeyCode  . . . . . . .	 00000006	 Word
  wVirtualScanCode . . . . . . .	 00000008	 Word
  uChar  . . . . . . . . . . . .	 0000000A	 Word
  UnicodeChar  . . . . . . . . .	 00000000	 Word
  AsciiChar  . . . . . . . . . .	 00000000	 Byte
  dwControlKeyState  . . . . . .	 0000000C	 DWord
  dwMousePosition  . . . . . . .	 00000000	 DWord
  dwButtonState  . . . . . . . .	 00000004	 DWord
  dwMouseControlKeyState . . . .	 00000008	 DWord
  dwEventFlags . . . . . . . . .	 0000000C	 DWord
  dwSize . . . . . . . . . . . .	 00000000	 DWord
  dwCommandId  . . . . . . . . .	 00000000	 DWord
  bSetFocus  . . . . . . . . . .	 00000000	 DWord
KEY_EVENT_RECORD . . . . . . . .	 00000010
  bKeyDown . . . . . . . . . . .	 00000000	 DWord
  wRepeatCount . . . . . . . . .	 00000004	 Word
  wVirtualKeyCode  . . . . . . .	 00000006	 Word
  wVirtualScanCode . . . . . . .	 00000008	 Word
  uChar  . . . . . . . . . . . .	 0000000A	 Word
  UnicodeChar  . . . . . . . . .	 00000000	 Word
  AsciiChar  . . . . . . . . . .	 00000000	 Byte
  dwControlKeyState  . . . . . .	 0000000C	 DWord
MENU_EVENT_RECORD  . . . . . . .	 00000004
  dwCommandId  . . . . . . . . .	 00000000	 DWord
MOUSE_EVENT_RECORD . . . . . . .	 00000010
  dwMousePosition  . . . . . . .	 00000000	 DWord
  dwButtonState  . . . . . . . .	 00000004	 DWord
  dwMouseControlKeyState . . . .	 00000008	 DWord
  dwEventFlags . . . . . . . . .	 0000000C	 DWord
SMALL_RECT . . . . . . . . . . .	 00000008
  Left . . . . . . . . . . . . .	 00000000	 Word
  Top  . . . . . . . . . . . . .	 00000002	 Word
  Right  . . . . . . . . . . . .	 00000004	 Word
  Bottom . . . . . . . . . . . .	 00000006	 Word
SYSTEMTIME . . . . . . . . . . .	 00000010
  wYear  . . . . . . . . . . . .	 00000000	 Word
  wMonth . . . . . . . . . . . .	 00000002	 Word
  wDayOfWeek . . . . . . . . . .	 00000004	 Word
  wDay . . . . . . . . . . . . .	 00000006	 Word
  wHour  . . . . . . . . . . . .	 00000008	 Word
  wMinute  . . . . . . . . . . .	 0000000A	 Word
  wSecond  . . . . . . . . . . .	 0000000C	 Word
  wMilliseconds  . . . . . . . .	 0000000E	 Word
WINDOW_BUFFER_SIZE_RECORD  . . .	 00000004
  dwSize . . . . . . . . . . . .	 00000000	 DWord


Segments and Groups:

                N a m e                 Size     Length   Align   Combine Class

FLAT . . . . . . . . . . . . . .	GROUP
STACK  . . . . . . . . . . . . .	32 Bit	 00001000 Para	  Stack	  'STACK'	 
_DATA  . . . . . . . . . . . . .	32 Bit	 00000236 Para	  Public  'DATA'	
_TEXT  . . . . . . . . . . . . .	32 Bit	 0000015F Para	  Public  'CODE'	


Procedures, parameters, and locals:

                N a m e                 Type     Value    Attr

CloseFile  . . . . . . . . . . .	P Near	 00000000 FLAT	Length= 00000000 External STDCALL
CloseHandle  . . . . . . . . . .	P Near	 00000000 FLAT	Length= 00000000 External STDCALL
Clrscr . . . . . . . . . . . . .	P Near	 00000000 FLAT	Length= 00000000 External STDCALL
CreateFileA  . . . . . . . . . .	P Near	 00000000 FLAT	Length= 00000000 External STDCALL
CreateOutputFile . . . . . . . .	P Near	 00000000 FLAT	Length= 00000000 External STDCALL
Crlf . . . . . . . . . . . . . .	P Near	 00000000 FLAT	Length= 00000000 External STDCALL
Delay  . . . . . . . . . . . . .	P Near	 00000000 FLAT	Length= 00000000 External STDCALL
DumpMem  . . . . . . . . . . . .	P Near	 00000000 FLAT	Length= 00000000 External STDCALL
DumpRegs . . . . . . . . . . . .	P Near	 00000000 FLAT	Length= 00000000 External STDCALL
ExitProcess  . . . . . . . . . .	P Near	 00000000 FLAT	Length= 00000000 External STDCALL
FileTimeToDosDateTime  . . . . .	P Near	 00000000 FLAT	Length= 00000000 External STDCALL
FileTimeToSystemTime . . . . . .	P Near	 00000000 FLAT	Length= 00000000 External STDCALL
FlushConsoleInputBuffer  . . . .	P Near	 00000000 FLAT	Length= 00000000 External STDCALL
FormatMessageA . . . . . . . . .	P Near	 00000000 FLAT	Length= 00000000 External STDCALL
GetCommandLineA  . . . . . . . .	P Near	 00000000 FLAT	Length= 00000000 External STDCALL
GetCommandTail . . . . . . . . .	P Near	 00000000 FLAT	Length= 00000000 External STDCALL
GetConsoleCP . . . . . . . . . .	P Near	 00000000 FLAT	Length= 00000000 External STDCALL
GetConsoleCursorInfo . . . . . .	P Near	 00000000 FLAT	Length= 00000000 External STDCALL
GetConsoleMode . . . . . . . . .	P Near	 00000000 FLAT	Length= 00000000 External STDCALL
GetConsoleScreenBufferInfo . . .	P Near	 00000000 FLAT	Length= 00000000 External STDCALL
GetDateTime  . . . . . . . . . .	P Near	 00000000 FLAT	Length= 00000000 External STDCALL
GetFileTime  . . . . . . . . . .	P Near	 00000000 FLAT	Length= 00000000 External STDCALL
GetKeyState  . . . . . . . . . .	P Near	 00000000 FLAT	Length= 00000000 External STDCALL
GetLastError . . . . . . . . . .	P Near	 00000000 FLAT	Length= 00000000 External STDCALL
GetLocalTime . . . . . . . . . .	P Near	 00000000 FLAT	Length= 00000000 External STDCALL
GetMaxXY . . . . . . . . . . . .	P Near	 00000000 FLAT	Length= 00000000 External STDCALL
GetMseconds  . . . . . . . . . .	P Near	 00000000 FLAT	Length= 00000000 External STDCALL
GetNumberOfConsoleInputEvents  .	P Near	 00000000 FLAT	Length= 00000000 External STDCALL
GetProcessHeap . . . . . . . . .	P Near	 00000000 FLAT	Length= 00000000 External STDCALL
GetStdHandle . . . . . . . . . .	P Near	 00000000 FLAT	Length= 00000000 External STDCALL
GetSystemTime  . . . . . . . . .	P Near	 00000000 FLAT	Length= 00000000 External STDCALL
GetTextColor . . . . . . . . . .	P Near	 00000000 FLAT	Length= 00000000 External STDCALL
GetTickCount . . . . . . . . . .	P Near	 00000000 FLAT	Length= 00000000 External STDCALL
Gotoxy . . . . . . . . . . . . .	P Near	 00000000 FLAT	Length= 00000000 External STDCALL
HeapAlloc  . . . . . . . . . . .	P Near	 00000000 FLAT	Length= 00000000 External STDCALL
HeapCreate . . . . . . . . . . .	P Near	 00000000 FLAT	Length= 00000000 External STDCALL
HeapDestroy  . . . . . . . . . .	P Near	 00000000 FLAT	Length= 00000000 External STDCALL
HeapFree . . . . . . . . . . . .	P Near	 00000000 FLAT	Length= 00000000 External STDCALL
HeapSize . . . . . . . . . . . .	P Near	 00000000 FLAT	Length= 00000000 External STDCALL
IsDigit  . . . . . . . . . . . .	P Near	 00000000 FLAT	Length= 00000000 External STDCALL
LocalFree  . . . . . . . . . . .	P Near	 00000000 FLAT	Length= 00000000 External STDCALL
MessageBoxA  . . . . . . . . . .	P Near	 00000000 FLAT	Length= 00000000 External STDCALL
MsgBoxAsk  . . . . . . . . . . .	P Near	 00000000 FLAT	Length= 00000000 External STDCALL
MsgBox . . . . . . . . . . . . .	P Near	 00000000 FLAT	Length= 00000000 External STDCALL
OpenInputFile  . . . . . . . . .	P Near	 00000000 FLAT	Length= 00000000 External STDCALL
ParseDecimal32 . . . . . . . . .	P Near	 00000000 FLAT	Length= 00000000 External STDCALL
ParseInteger32 . . . . . . . . .	P Near	 00000000 FLAT	Length= 00000000 External STDCALL
PeekConsoleInputA  . . . . . . .	P Near	 00000000 FLAT	Length= 00000000 External STDCALL
Random32 . . . . . . . . . . . .	P Near	 00000000 FLAT	Length= 00000000 External STDCALL
RandomRange  . . . . . . . . . .	P Near	 00000000 FLAT	Length= 00000000 External STDCALL
Randomize  . . . . . . . . . . .	P Near	 00000000 FLAT	Length= 00000000 External STDCALL
ReadChar . . . . . . . . . . . .	P Near	 00000000 FLAT	Length= 00000000 External STDCALL
ReadConsoleA . . . . . . . . . .	P Near	 00000000 FLAT	Length= 00000000 External STDCALL
ReadConsoleInputA  . . . . . . .	P Near	 00000000 FLAT	Length= 00000000 External STDCALL
ReadDec  . . . . . . . . . . . .	P Near	 00000000 FLAT	Length= 00000000 External STDCALL
ReadFile . . . . . . . . . . . .	P Near	 00000000 FLAT	Length= 00000000 External STDCALL
ReadFloat  . . . . . . . . . . .	P Near	 00000000 FLAT	Length= 00000000 External STDCALL
ReadFromFile . . . . . . . . . .	P Near	 00000000 FLAT	Length= 00000000 External STDCALL
ReadHex  . . . . . . . . . . . .	P Near	 00000000 FLAT	Length= 00000000 External STDCALL
ReadInt  . . . . . . . . . . . .	P Near	 00000000 FLAT	Length= 00000000 External STDCALL
ReadKeyFlush . . . . . . . . . .	P Near	 00000000 FLAT	Length= 00000000 External STDCALL
ReadKey  . . . . . . . . . . . .	P Near	 00000000 FLAT	Length= 00000000 External STDCALL
ReadString . . . . . . . . . . .	P Near	 00000000 FLAT	Length= 00000000 External STDCALL
ReadVal  . . . . . . . . . . . .	P Near	 000000E9 _TEXT	Length= 00000060 Public STDCALL
  _conversionLoop  . . . . . . .	L Near	 00000106 _TEXT	
  _checkPositive . . . . . . . .	L Near	 0000010D _TEXT	
  _noSignIndicated . . . . . . .	L Near	 00000113 _TEXT	
  _doConversion  . . . . . . . .	L Near	 0000011B _TEXT	
  _errorMessage  . . . . . . . .	L Near	 0000013B _TEXT	
  _nextNumber  . . . . . . . . .	L Near	 0000013B _TEXT	
SetConsoleCursorInfo . . . . . .	P Near	 00000000 FLAT	Length= 00000000 External STDCALL
SetConsoleCursorPosition . . . .	P Near	 00000000 FLAT	Length= 00000000 External STDCALL
SetConsoleMode . . . . . . . . .	P Near	 00000000 FLAT	Length= 00000000 External STDCALL
SetConsoleScreenBufferSize . . .	P Near	 00000000 FLAT	Length= 00000000 External STDCALL
SetConsoleTextAttribute  . . . .	P Near	 00000000 FLAT	Length= 00000000 External STDCALL
SetConsoleTitleA . . . . . . . .	P Near	 00000000 FLAT	Length= 00000000 External STDCALL
SetConsoleWindowInfo . . . . . .	P Near	 00000000 FLAT	Length= 00000000 External STDCALL
SetFilePointer . . . . . . . . .	P Near	 00000000 FLAT	Length= 00000000 External STDCALL
SetLocalTime . . . . . . . . . .	P Near	 00000000 FLAT	Length= 00000000 External STDCALL
SetTextColor . . . . . . . . . .	P Near	 00000000 FLAT	Length= 00000000 External STDCALL
ShowFPUStack . . . . . . . . . .	P Near	 00000000 FLAT	Length= 00000000 External STDCALL
Sleep  . . . . . . . . . . . . .	P Near	 00000000 FLAT	Length= 00000000 External STDCALL
StrLength  . . . . . . . . . . .	P Near	 00000000 FLAT	Length= 00000000 External STDCALL
Str_compare  . . . . . . . . . .	P Near	 00000000 FLAT	Length= 00000000 External STDCALL
Str_copy . . . . . . . . . . . .	P Near	 00000000 FLAT	Length= 00000000 External STDCALL
Str_length . . . . . . . . . . .	P Near	 00000000 FLAT	Length= 00000000 External STDCALL
Str_trim . . . . . . . . . . . .	P Near	 00000000 FLAT	Length= 00000000 External STDCALL
Str_ucase  . . . . . . . . . . .	P Near	 00000000 FLAT	Length= 00000000 External STDCALL
SystemTimeToFileTime . . . . . .	P Near	 00000000 FLAT	Length= 00000000 External STDCALL
WaitMsg  . . . . . . . . . . . .	P Near	 00000000 FLAT	Length= 00000000 External STDCALL
WriteBinB  . . . . . . . . . . .	P Near	 00000000 FLAT	Length= 00000000 External STDCALL
WriteBin . . . . . . . . . . . .	P Near	 00000000 FLAT	Length= 00000000 External STDCALL
WriteChar  . . . . . . . . . . .	P Near	 00000000 FLAT	Length= 00000000 External STDCALL
WriteConsoleA  . . . . . . . . .	P Near	 00000000 FLAT	Length= 00000000 External STDCALL
WriteConsoleOutputAttribute  . .	P Near	 00000000 FLAT	Length= 00000000 External STDCALL
WriteConsoleOutputCharacterA . .	P Near	 00000000 FLAT	Length= 00000000 External STDCALL
WriteDec . . . . . . . . . . . .	P Near	 00000000 FLAT	Length= 00000000 External STDCALL
WriteFile  . . . . . . . . . . .	P Near	 00000000 FLAT	Length= 00000000 External STDCALL
WriteFloat . . . . . . . . . . .	P Near	 00000000 FLAT	Length= 00000000 External STDCALL
WriteHexB  . . . . . . . . . . .	P Near	 00000000 FLAT	Length= 00000000 External STDCALL
WriteHex . . . . . . . . . . . .	P Near	 00000000 FLAT	Length= 00000000 External STDCALL
WriteInt . . . . . . . . . . . .	P Near	 00000000 FLAT	Length= 00000000 External STDCALL
WriteStackFrameName  . . . . . .	P Near	 00000000 FLAT	Length= 00000000 External STDCALL
WriteStackFrame  . . . . . . . .	P Near	 00000000 FLAT	Length= 00000000 External STDCALL
WriteString  . . . . . . . . . .	P Near	 00000000 FLAT	Length= 00000000 External STDCALL
WriteToFile  . . . . . . . . . .	P Near	 00000000 FLAT	Length= 00000000 External STDCALL
WriteWindowsMsg  . . . . . . . .	P Near	 00000000 FLAT	Length= 00000000 External STDCALL
introduction . . . . . . . . . .	P Near	 0000008D _TEXT	Length= 0000005C Public STDCALL
main . . . . . . . . . . . . . .	P Near	 00000000 _TEXT	Length= 0000008D Public STDCALL
  _conversionLoop  . . . . . . .	L Near	 0000003F _TEXT	
  _checkPositive . . . . . . . .	L Near	 00000046 _TEXT	
  _noSignIndicated . . . . . . .	L Near	 0000004C _TEXT	
  _doConversion  . . . . . . . .	L Near	 00000054 _TEXT	
  _errorMessage  . . . . . . . .	L Near	 00000074 _TEXT	
  _nextNumber  . . . . . . . . .	L Near	 00000074 _TEXT	
printf . . . . . . . . . . . . .	P Near	 00000000 FLAT	Length= 00000000 External C
say_goodbye  . . . . . . . . . .	P Near	 00000149 _TEXT	Length= 00000016 Public STDCALL
scanf  . . . . . . . . . . . . .	P Near	 00000000 FLAT	Length= 00000000 External C
wsprintfA  . . . . . . . . . . .	P Near	 00000000 FLAT	Length= 00000000 External C


Symbols:

                N a m e                 Type     Value    Attr

@CodeSize  . . . . . . . . . . .	Number	 00000000h   
@DataSize  . . . . . . . . . . .	Number	 00000000h   
@Interface . . . . . . . . . . .	Number	 00000003h   
@Model . . . . . . . . . . . . .	Number	 00000007h   
@code  . . . . . . . . . . . . .	Text   	 _TEXT
@data  . . . . . . . . . . . . .	Text   	 FLAT
@fardata?  . . . . . . . . . . .	Text   	 FLAT
@fardata . . . . . . . . . . . .	Text   	 FLAT
@stack . . . . . . . . . . . . .	Text   	 FLAT
ACCUMULATOR  . . . . . . . . . .	Text   	 [EBP + 12]
ALT_MASK . . . . . . . . . . . .	Number	 00000003h   
CAPSLOCK_ON  . . . . . . . . . .	Number	 00000080h   
CONVERTED_DIGIT  . . . . . . . .	DWord	 00000232 _DATA	
CREATE_ALWAYS  . . . . . . . . .	Number	 00000002h   
CREATE_NEW . . . . . . . . . . .	Number	 00000001h   
CTRL_MASK  . . . . . . . . . . .	Number	 0000000Ch   
CreateFile . . . . . . . . . . .	Text   	 CreateFileA
DO_NOT_SHARE . . . . . . . . . .	Number	 00000000h   
ENABLE_ECHO_INPUT  . . . . . . .	Number	 00000004h   
ENABLE_LINE_INPUT  . . . . . . .	Number	 00000002h   
ENABLE_MOUSE_INPUT . . . . . . .	Number	 00000010h   
ENABLE_PROCESSED_INPUT . . . . .	Number	 00000001h   
ENABLE_PROCESSED_OUTPUT  . . . .	Number	 00000001h   
ENABLE_WINDOW_INPUT  . . . . . .	Number	 00000008h   
ENABLE_WRAP_AT_EOL_OUTPUT  . . .	Number	 00000002h   
ENHANCED_KEY . . . . . . . . . .	Number	 00000100h   
FALSE  . . . . . . . . . . . . .	Number	 00000000h   
FILE_APPEND_DATA . . . . . . . .	Number	 00000004h   
FILE_ATTRIBUTE_ARCHIVE . . . . .	Number	 00000020h   
FILE_ATTRIBUTE_COMPRESSED  . . .	Number	 00000800h   
FILE_ATTRIBUTE_DEVICE  . . . . .	Number	 00000040h   
FILE_ATTRIBUTE_DIRECTORY . . . .	Number	 00000010h   
FILE_ATTRIBUTE_ENCRYPTED . . . .	Number	 00004000h   
FILE_ATTRIBUTE_HIDDEN  . . . . .	Number	 00000002h   
FILE_ATTRIBUTE_NORMAL  . . . . .	Number	 00000080h   
FILE_ATTRIBUTE_NOT_CONTENT_INDEXED .	Number	 00002000h   
FILE_ATTRIBUTE_OFFLINE . . . . .	Number	 00001000h   
FILE_ATTRIBUTE_READONLY  . . . .	Number	 00000001h   
FILE_ATTRIBUTE_REPARSE_POINT . .	Number	 00000400h   
FILE_ATTRIBUTE_SPARSE_FILE . . .	Number	 00000200h   
FILE_ATTRIBUTE_SYSTEM  . . . . .	Number	 00000004h   
FILE_ATTRIBUTE_TEMPORARY . . . .	Number	 00000100h   
FILE_BEGIN . . . . . . . . . . .	Number	 00000000h   
FILE_CURRENT . . . . . . . . . .	Number	 00000001h   
FILE_DELETE_CHILD  . . . . . . .	Number	 00000040h   
FILE_END . . . . . . . . . . . .	Number	 00000002h   
FILE_READ_DATA . . . . . . . . .	Number	 00000001h   
FILE_SHARE_DELETE  . . . . . . .	Number	 00000004h   
FILE_SHARE_READ  . . . . . . . .	Number	 00000001h   
FILE_SHARE_WRITE . . . . . . . .	Number	 00000002h   
FILE_WRITE_DATA  . . . . . . . .	Number	 00000002h   
FOCUS_EVENT  . . . . . . . . . .	Number	 00000010h   
FORMAT_MESSAGE_ALLOCATE_BUFFER .	Number	 00000100h   
FORMAT_MESSAGE_FROM_SYSTEM . . .	Number	 00001000h   
FormatMessage  . . . . . . . . .	Text   	 FormatMessageA
GENERIC_ALL  . . . . . . . . . .	Number	 10000000h   
GENERIC_EXECUTE  . . . . . . . .	Number	 20000000h   
GENERIC_READ . . . . . . . . . .	Number	 -80000000h   
GENERIC_WRITE  . . . . . . . . .	Number	 40000000h   
GOOD_BYE . . . . . . . . . . . .	Text   	 [EBP + 8]
GetCommandLine . . . . . . . . .	Text   	 GetCommandLineA
HANDLE . . . . . . . . . . . . .	Text   	 DWORD
HEAP_GENERATE_EXCEPTIONS . . . .	Number	 00000004h   
HEAP_GROWABLE  . . . . . . . . .	Number	 00000002h   
HEAP_NO_SERIALIZE  . . . . . . .	Number	 00000001h   
HEAP_REALLOC_IN_PLACE_ONLY . . .	Number	 00000010h   
HEAP_ZERO_MEMORY . . . . . . . .	Number	 00000008h   
IDABORT  . . . . . . . . . . . .	Number	 00000003h   
IDCANCEL . . . . . . . . . . . .	Number	 00000002h   
IDCLOSE  . . . . . . . . . . . .	Number	 00000008h   
IDCONTINUE . . . . . . . . . . .	Number	 0000000Bh   
IDHELP . . . . . . . . . . . . .	Number	 00000009h   
IDIGNORE . . . . . . . . . . . .	Number	 00000005h   
IDNO . . . . . . . . . . . . . .	Number	 00000007h   
IDOK . . . . . . . . . . . . . .	Number	 00000001h   
IDRETRY  . . . . . . . . . . . .	Number	 00000004h   
IDTIMEOUT  . . . . . . . . . . .	Number	 00007D00h   
IDTRYAGAIN . . . . . . . . . . .	Number	 0000000Ah   
IDYES  . . . . . . . . . . . . .	Number	 00000006h   
INSTRUCTION_1  . . . . . . . . .	Text   	 [EBP + 20]
INSTRUCTION_2  . . . . . . . . .	Text   	 [EBP + 16]
INSTRUCTION_3  . . . . . . . . .	Text   	 [EBP + 12]
INSTRUCTION_4  . . . . . . . . .	Text   	 [EBP + 8]
INTRO_1  . . . . . . . . . . . .	Text   	 [EBP + 28]
INTRO_2  . . . . . . . . . . . .	Text   	 [EBP + 24]
INVALID_HANDLE_VALUE . . . . . .	Number	 -00000001h   
KBDOWN_FLAG  . . . . . . . . . .	Number	 00000001h   
KEY_EVENT  . . . . . . . . . . .	Number	 00000001h   
KEY_MASKS  . . . . . . . . . . .	Number	 0000001Fh   
LEFT_ALT_PRESSED . . . . . . . .	Number	 00000002h   
LEFT_CTRL_PRESSED  . . . . . . .	Number	 00000008h   
MAX_LENGTH . . . . . . . . . . .	Number	 0000000Ch   
MB_ABORTRETRYIGNORE  . . . . . .	Number	 00000002h   
MB_APPLMODAL . . . . . . . . . .	Number	 00000000h   
MB_CANCELTRYCONTINUE . . . . . .	Number	 00000006h   
MB_DEFBUTTON1  . . . . . . . . .	Number	 00000000h   
MB_DEFBUTTON2  . . . . . . . . .	Number	 00000100h   
MB_DEFBUTTON3  . . . . . . . . .	Number	 00000200h   
MB_DEFBUTTON4  . . . . . . . . .	Number	 00000300h   
MB_HELP  . . . . . . . . . . . .	Number	 00004000h   
MB_ICONASTERISK  . . . . . . . .	Number	 00000040h   
MB_ICONERROR . . . . . . . . . .	Number	 00000010h   
MB_ICONEXCLAMATION . . . . . . .	Number	 00000030h   
MB_ICONHAND  . . . . . . . . . .	Number	 00000010h   
MB_ICONINFORMATION . . . . . . .	Number	 00000040h   
MB_ICONQUESTION  . . . . . . . .	Number	 00000020h   
MB_ICONSTOP  . . . . . . . . . .	Number	 00000010h   
MB_ICONWARNING . . . . . . . . .	Number	 00000030h   
MB_OKCANCEL  . . . . . . . . . .	Number	 00000001h   
MB_OK  . . . . . . . . . . . . .	Number	 00000000h   
MB_RETRYCANCEL . . . . . . . . .	Number	 00000005h   
MB_SYSTEMMODAL . . . . . . . . .	Number	 00001000h   
MB_TASKMODAL . . . . . . . . . .	Number	 00002000h   
MB_USERICON  . . . . . . . . . .	Number	 00000080h   
MB_YESNOCANCEL . . . . . . . . .	Number	 00000003h   
MB_YESNO . . . . . . . . . . . .	Number	 00000004h   
MENU_EVENT . . . . . . . . . . .	Number	 00000008h   
MOUSE_EVENT  . . . . . . . . . .	Number	 00000002h   
MessageBox . . . . . . . . . . .	Text   	 MessageBoxA
NULL . . . . . . . . . . . . . .	Number	 00000000h   
NUMLOCK_ON . . . . . . . . . . .	Number	 00000020h   
OPEN_ALWAYS  . . . . . . . . . .	Number	 00000004h   
OPEN_EXISTING  . . . . . . . . .	Number	 00000003h   
PeekConsoleInput . . . . . . . .	Text   	 PeekConsoleInputA
RIGHT_ALT_PRESSED  . . . . . . .	Number	 00000001h   
RIGHT_CTRL_PRESSED . . . . . . .	Number	 00000004h   
ReadConsoleInput . . . . . . . .	Text   	 ReadConsoleInputA
ReadConsole  . . . . . . . . . .	Text   	 ReadConsoleA
SCROLLLOCK_ON  . . . . . . . . .	Number	 00000040h   
SHIFT_MASK . . . . . . . . . . .	Number	 00000010h   
SHIFT_PRESSED  . . . . . . . . .	Number	 00000010h   
STD_ERROR_HANDLE . . . . . . . .	Number	 -0000000Ch   
STD_INPUT_HANDLE . . . . . . . .	Number	 -0000000Ah   
STD_OUTPUT_HANDLE  . . . . . . .	Number	 -0000000Bh   
SetConsoleTitle  . . . . . . . .	Text   	 SetConsoleTitleA
TAB  . . . . . . . . . . . . . .	Number	 00000009h   
TRUE . . . . . . . . . . . . . .	Number	 00000001h   
TRUNCATE_EXISTING  . . . . . . .	Number	 00000005h   
VK_11  . . . . . . . . . . . . .	Number	 000000BDh   
VK_12  . . . . . . . . . . . . .	Number	 000000BBh   
VK_ADD . . . . . . . . . . . . .	Number	 0000006Bh   
VK_BACK  . . . . . . . . . . . .	Number	 00000008h   
VK_CANCEL  . . . . . . . . . . .	Number	 00000003h   
VK_CAPITAL . . . . . . . . . . .	Number	 00000014h   
VK_CLEAR . . . . . . . . . . . .	Number	 0000000Ch   
VK_CONTROL . . . . . . . . . . .	Number	 00000011h   
VK_DECIMAL . . . . . . . . . . .	Number	 0000006Eh   
VK_DELETE  . . . . . . . . . . .	Number	 0000002Eh   
VK_DIVIDE  . . . . . . . . . . .	Number	 0000006Fh   
VK_DOWN  . . . . . . . . . . . .	Number	 00000028h   
VK_END . . . . . . . . . . . . .	Number	 00000023h   
VK_ESCAPE  . . . . . . . . . . .	Number	 0000001Bh   
VK_EXECUTE . . . . . . . . . . .	Number	 0000002Bh   
VK_F10 . . . . . . . . . . . . .	Number	 00000079h   
VK_F11 . . . . . . . . . . . . .	Number	 0000007Ah   
VK_F12 . . . . . . . . . . . . .	Number	 0000007Bh   
VK_F13 . . . . . . . . . . . . .	Number	 0000007Ch   
VK_F14 . . . . . . . . . . . . .	Number	 0000007Dh   
VK_F15 . . . . . . . . . . . . .	Number	 0000007Eh   
VK_F16 . . . . . . . . . . . . .	Number	 0000007Fh   
VK_F17 . . . . . . . . . . . . .	Number	 00000080h   
VK_F18 . . . . . . . . . . . . .	Number	 00000081h   
VK_F19 . . . . . . . . . . . . .	Number	 00000082h   
VK_F1  . . . . . . . . . . . . .	Number	 00000070h   
VK_F20 . . . . . . . . . . . . .	Number	 00000083h   
VK_F21 . . . . . . . . . . . . .	Number	 00000084h   
VK_F22 . . . . . . . . . . . . .	Number	 00000085h   
VK_F23 . . . . . . . . . . . . .	Number	 00000086h   
VK_F24 . . . . . . . . . . . . .	Number	 00000087h   
VK_F2  . . . . . . . . . . . . .	Number	 00000071h   
VK_F3  . . . . . . . . . . . . .	Number	 00000072h   
VK_F4  . . . . . . . . . . . . .	Number	 00000073h   
VK_F5  . . . . . . . . . . . . .	Number	 00000074h   
VK_F6  . . . . . . . . . . . . .	Number	 00000075h   
VK_F7  . . . . . . . . . . . . .	Number	 00000076h   
VK_F8  . . . . . . . . . . . . .	Number	 00000077h   
VK_F9  . . . . . . . . . . . . .	Number	 00000078h   
VK_HELP  . . . . . . . . . . . .	Number	 0000002Fh   
VK_HOME  . . . . . . . . . . . .	Number	 00000024h   
VK_INSERT  . . . . . . . . . . .	Number	 0000002Dh   
VK_LBUTTON . . . . . . . . . . .	Number	 00000001h   
VK_LCONTROL  . . . . . . . . . .	Number	 000000A2h   
VK_LEFT  . . . . . . . . . . . .	Number	 00000025h   
VK_LMENU . . . . . . . . . . . .	Number	 000000A4h   
VK_LSHIFT  . . . . . . . . . . .	Number	 000000A0h   
VK_MENU  . . . . . . . . . . . .	Number	 00000012h   
VK_MULTIPLY  . . . . . . . . . .	Number	 0000006Ah   
VK_NEXT  . . . . . . . . . . . .	Number	 00000022h   
VK_NUMLOCK . . . . . . . . . . .	Number	 00000090h   
VK_NUMPAD0 . . . . . . . . . . .	Number	 00000060h   
VK_NUMPAD1 . . . . . . . . . . .	Number	 00000061h   
VK_NUMPAD2 . . . . . . . . . . .	Number	 00000062h   
VK_NUMPAD3 . . . . . . . . . . .	Number	 00000063h   
VK_NUMPAD4 . . . . . . . . . . .	Number	 00000064h   
VK_NUMPAD5 . . . . . . . . . . .	Number	 00000065h   
VK_NUMPAD6 . . . . . . . . . . .	Number	 00000066h   
VK_NUMPAD7 . . . . . . . . . . .	Number	 00000067h   
VK_NUMPAD8 . . . . . . . . . . .	Number	 00000068h   
VK_NUMPAD9 . . . . . . . . . . .	Number	 00000069h   
VK_PAUSE . . . . . . . . . . . .	Number	 00000013h   
VK_PRINT . . . . . . . . . . . .	Number	 0000002Ah   
VK_PRIOR . . . . . . . . . . . .	Number	 00000021h   
VK_RBUTTON . . . . . . . . . . .	Number	 00000002h   
VK_RCONTROL  . . . . . . . . . .	Number	 000000A3h   
VK_RETURN  . . . . . . . . . . .	Number	 0000000Dh   
VK_RIGHT . . . . . . . . . . . .	Number	 00000027h   
VK_RMENU . . . . . . . . . . . .	Number	 000000A5h   
VK_RSHIFT  . . . . . . . . . . .	Number	 000000A1h   
VK_SCROLL  . . . . . . . . . . .	Number	 00000091h   
VK_SEPARATER . . . . . . . . . .	Number	 0000006Ch   
VK_SHIFT . . . . . . . . . . . .	Number	 00000010h   
VK_SNAPSHOT  . . . . . . . . . .	Number	 0000002Ch   
VK_SPACE . . . . . . . . . . . .	Number	 00000020h   
VK_SUBTRACT  . . . . . . . . . .	Number	 0000006Dh   
VK_TAB . . . . . . . . . . . . .	Number	 00000009h   
VK_UP  . . . . . . . . . . . . .	Number	 00000026h   
WINDOW_BUFFER_SIZE_EVENT . . . .	Number	 00000004h   
WriteConsoleOutputCharacter  . .	Text   	 WriteConsoleOutputCharacterA
WriteConsole . . . . . . . . . .	Text   	 WriteConsoleA
avg_prompt . . . . . . . . . . .	Byte	 0000020E _DATA	
black  . . . . . . . . . . . . .	Number	 00000000h   
blue . . . . . . . . . . . . . .	Number	 00000001h   
brown  . . . . . . . . . . . . .	Number	 00000006h   
cyan . . . . . . . . . . . . . .	Number	 00000003h   
enter_instruction  . . . . . . .	Byte	 00000159 _DATA	
error_message1 . . . . . . . . .	Byte	 00000178 _DATA	
error_message2 . . . . . . . . .	Byte	 000001BD _DATA	
exit . . . . . . . . . . . . . .	Text   	 INVOKE ExitProcess,0
goodbye  . . . . . . . . . . . .	Byte	 00000145 _DATA	
gray . . . . . . . . . . . . . .	Number	 00000008h   
green  . . . . . . . . . . . . .	Number	 00000002h   
input_accumulator  . . . . . . .	Byte	 00000226 _DATA	
instruction1 . . . . . . . . . .	Byte	 00000057 _DATA	
instruction2 . . . . . . . . . .	Byte	 00000082 _DATA	
instruction3 . . . . . . . . . .	Byte	 000000CE _DATA	
instruction4 . . . . . . . . . .	Byte	 00000121 _DATA	
intro1 . . . . . . . . . . . . .	Byte	 00000000 _DATA	
intro2 . . . . . . . . . . . . .	Byte	 0000003D _DATA	
lightBlue  . . . . . . . . . . .	Number	 00000009h   
lightCyan  . . . . . . . . . . .	Number	 0000000Bh   
lightGray  . . . . . . . . . . .	Number	 00000007h   
lightGreen . . . . . . . . . . .	Number	 0000000Ah   
lightMagenta . . . . . . . . . .	Number	 0000000Dh   
lightRed . . . . . . . . . . . .	Number	 0000000Ch   
magenta  . . . . . . . . . . . .	Number	 00000005h   
red  . . . . . . . . . . . . . .	Number	 00000004h   
result_prompt  . . . . . . . . .	Byte	 000001CF _DATA	
sum_prompt . . . . . . . . . . .	Byte	 000001F1 _DATA	
white  . . . . . . . . . . . . .	Number	 0000000Fh   
wsprintf . . . . . . . . . . . .	Text   	 wsprintfA
yellow . . . . . . . . . . . . .	Number	 0000000Eh   

	   0 Warnings
	   4 Errors
